Running HiGHS 1.8.0 (git hash: 222cce7): Copyright (c) 2024 HiGHS under MIT licence terms
Coefficient ranges:
  Matrix [1e+00, 5e+00]
  Cost   [1e+00, 1e+00]
  Bound  [1e+00, 1e+00]
  RHS    [1e+00, 1e+00]
Presolving model
133 rows, 76 cols, 436 nonzeros  0s
133 rows, 76 cols, 436 nonzeros  0s
Objective function is integral with scale 1

Solving MIP model with:
   133 rows
   76 cols (76 binary, 0 integer, 0 implied int., 0 continuous)
   436 nonzeros

Src: B => Branching; C => Central rounding; F => Feasibility pump; H => Heuristic; L => Sub-MIP;
     P => Empty MIP; R => Randomized rounding; S => Solve LP; T => Evaluate node; U => Unbounded;
     z => Trivial zero; l => Trivial lower; u => Trivial upper; p => Trivial point

        Nodes      |    B&B Tree     |            Objective Bounds              |  Dynamic Constraints |       Work      
Src  Proc. InQueue |  Leaves   Expl. | BestBound       BestSol              Gap |   Cuts   InLp Confl. | LpIters     Time

 u       0       0         0   0.00%   -inf            64                 Large        0   -133      0         0     0.0s
MIP-Timing:      0.0018 - starting analytic centre calculation
         0       0         0   0.00%   1.328125        64                97.92%        0      0     12        66     0.0s
 C       0       0         0   0.00%   10              25                60.00%      389      9     18       239     0.0s

1.3% inactive integer columns, restarting
Model after restart has 131 rows, 75 cols (75 bin., 0 int., 0 impl., 0 cont.), and 428 nonzeros

         0       0         0   0.00%   10              25                60.00%       12      0      0       562     0.1s
         0       0         0   0.00%   10              25                60.00%       12      8      9       671     0.1s

Symmetry detection completed in 0.0s
Found 25 generator(s) and 1 full orbitope(s) acting on 4 columns

         1       0         1 100.00%   25              25                 0.00%     1485     17     21      1647     0.1s

Solving report
  Status            Optimal
  Primal bound      25
  Dual bound        25
  Gap               0% (tolerance: 0.01%)
  P-D integral      0.0888017484103
  Solution status   feasible
                    25 (objective)
                    0 (bound viol.)
                    0 (int. viol.)
                    0 (row viol.)
  Timing            0.14 (total)
                    0.00 (presolve)
                    0.00 (solve)
                    0.00 (postsolve)
  Max sub-MIP depth 1
  Nodes             1
  Repair LPs        0 (0 feasible; 0 iterations)
  LP iterations     1647 (total)
                    296 (strong br.)
                    647 (separation)
                    404 (heuristics)
optimum 25
x0=0x2800 wt=2
x1=0x5A5A wt=8
x2=0xEEEE wt=12
x3=0x5004 wt=3
